// Vitest Snapshot v1, https://vitest.dev/guide/snapshot.html

exports[`app config > replaces process.env 1`] = `
"/*! third party licenses: js/vendor.LICENSE.txt */
var e={};window.my_timezone=e.TZ;
"
`;
